Hmm ... looks like a package
Converting parsed Rd's to LaTeX ..
Creating pdf output from LaTeX ...
Warning in texi2dvi(file = file, pdf = TRUE, clean = clean, quiet = quiet,  :
  texi2dvi script/program not available, using emulation
This is pdfTeX, Version 3.141592653-2.6-1.40.28 (TeX Live 2025) (preloaded format=pdflatex)
 restricted \write18 enabled.
entering extended mode
(./Rd2.tex
LaTeX2e <2025-11-01>
L3 programming layer <2025-10-24>

(/data/texlive2025/texmf-dist/tex/latex/base/book.cls
Document Class: book 2025/01/22 v1.4n Standard LaTeX document class
(/data/texlive2025/texmf-dist/tex/latex/base/bk10.clo))
(/usr/share/R/share/texmf/tex/latex/Rd.sty
(/data/texlive2025/texmf-dist/tex/latex/base/ifthen.sty)
(/data/texlive2025/texmf-dist/tex/generic/iftex/iftex.sty)
(/data/texlive2025/texmf-dist/tex/latex/tools/longtable.sty)
(/data/texlive2025/texmf-dist/tex/latex/tools/bm.sty)
(/data/texlive2025/texmf-dist/tex/latex/base/alltt.sty)
(/data/texlive2025/texmf-dist/tex/latex/tools/verbatim.sty)
(/data/texlive2025/texmf-dist/tex/latex/url/url.sty)
(/data/texlive2025/texmf-dist/tex/latex/base/textcomp.sty)
(/data/texlive2025/texmf-dist/tex/latex/amsmath/amsmath.sty
For additional information on amsmath, use the `?' option.
(/data/texlive2025/texmf-dist/tex/latex/amsmath/amstext.sty
(/data/texlive2025/texmf-dist/tex/latex/amsmath/amsgen.sty))
(/data/texlive2025/texmf-dist/tex/latex/amsmath/amsbsy.sty)
(/data/texlive2025/texmf-dist/tex/latex/amsmath/amsopn.sty))
(/data/texlive2025/texmf-dist/tex/latex/amsfonts/amsfonts.sty)
(/data/texlive2025/texmf-dist/tex/latex/amsfonts/amssymb.sty)
(/data/texlive2025/texmf-dist/tex/latex/jknapltx/mathrsfs.sty)
(/data/texlive2025/texmf-dist/tex/latex/base/fontenc.sty)
(/data/texlive2025/texmf-dist/tex/latex/psnfss/times.sty)
(/data/texlive2025/texmf-dist/tex/latex/inconsolata/zi4.sty
`inconsolata-zi4' v1.12, 2019/05/17 Text macros for Inconsolata (msharpe)
(/data/texlive2025/texmf-dist/tex/latex/xkeyval/xkeyval.sty
(/data/texlive2025/texmf-dist/tex/generic/xkeyval/xkeyval.tex
(/data/texlive2025/texmf-dist/tex/generic/xkeyval/xkvutils.tex
(/data/texlive2025/texmf-dist/tex/generic/xkeyval/keyval.tex)))))
(/data/texlive2025/texmf-dist/tex/latex/graphics/color.sty
(/data/texlive2025/texmf-dist/tex/latex/graphics-cfg/color.cfg)
(/data/texlive2025/texmf-dist/tex/latex/graphics-def/pdftex.def)
(/data/texlive2025/texmf-dist/tex/latex/graphics/mathcolor.ltx))
(/data/texlive2025/texmf-dist/tex/latex/hyperref/hyperref.sty
(/data/texlive2025/texmf-dist/tex/latex/kvsetkeys/kvsetkeys.sty)
(/data/texlive2025/texmf-dist/tex/generic/kvdefinekeys/kvdefinekeys.sty)
(/data/texlive2025/texmf-dist/tex/generic/pdfescape/pdfescape.sty
(/data/texlive2025/texmf-dist/tex/generic/ltxcmds/ltxcmds.sty)
(/data/texlive2025/texmf-dist/tex/generic/pdftexcmds/pdftexcmds.sty
(/data/texlive2025/texmf-dist/tex/generic/infwarerr/infwarerr.sty)))
(/data/texlive2025/texmf-dist/tex/latex/hycolor/hycolor.sty)
(/data/texlive2025/texmf-dist/tex/latex/hyperref/nameref.sty
(/data/texlive2025/texmf-dist/tex/latex/refcount/refcount.sty)
(/data/texlive2025/texmf-dist/tex/generic/gettitlestring/gettitlestring.sty
(/data/texlive2025/texmf-dist/tex/latex/kvoptions/kvoptions.sty)))
(/data/texlive2025/texmf-dist/tex/latex/etoolbox/etoolbox.sty)
(/data/texlive2025/texmf-dist/tex/generic/stringenc/stringenc.sty)
(/data/texlive2025/texmf-dist/tex/latex/hyperref/pd1enc.def)
(/data/texlive2025/texmf-dist/tex/generic/intcalc/intcalc.sty)
(/data/texlive2025/texmf-dist/tex/latex/hyperref/puenc.def)
(/data/texlive2025/texmf-dist/tex/generic/bitset/bitset.sty
(/data/texlive2025/texmf-dist/tex/generic/bigintcalc/bigintcalc.sty)))
(/data/texlive2025/texmf-dist/tex/latex/hyperref/hpdftex.def
(/data/texlive2025/texmf-dist/tex/latex/rerunfilecheck/rerunfilecheck.sty
(/data/texlive2025/texmf-dist/tex/generic/uniquecounter/uniquecounter.sty))))
(/data/texlive2025/texmf-dist/tex/latex/base/makeidx.sty)
Writing index file Rd2.idx
(/data/texlive2025/texmf-dist/tex/latex/psnfss/t1ptm.fd)
(/data/texlive2025/texmf-dist/tex/latex/l3backend/l3backend-pdftex.def)
No file Rd2.aux.
(/data/texlive2025/texmf-dist/tex/context/base/mkii/supp-pdf.mkii
[Loading MPS to PDF converter (version 2006.09.02).]
) (/data/texlive2025/texmf-dist/tex/latex/inconsolata/t1zi4.fd)
No file Rd2.toc.
(/data/texlive2025/texmf-dist/tex/latex/amsfonts/umsa.fd)
(/data/texlive2025/texmf-dist/tex/latex/amsfonts/umsb.fd)
(/data/texlive2025/texmf-dist/tex/latex/jknapltx/ursfs.fd)
Overfull \hbox (23.09036pt too wide) in paragraph at lines 42--42
 []\T1/zi4/m/n/10 assessment(RT, CR = NULL, stopping.rule=c("OR","AND", "STST")
, correct=c(TRUE, FALSE), 
[1{/data/texlive2025/texmf-var/fonts/map/pdftex/updmap/pdftex.map}{/data/texliv
e2025/texmf-dist/fonts/enc/dvips/base/8r.enc}{/data/texlive2025/texmf-dist/font
s/enc/dvips/inconsolata/i4-t1-0.enc}] [2]
Overfull \hbox (3.75941pt too wide) in paragraph at lines 120--120
 []\T1/zi4/m/n/9 a.or.cs <- assessment(RT, CR, stopping.rule="OR", correct=TRUE
, fast=FALSE, detection=TRUE)[] 

Overfull \hbox (3.75941pt too wide) in paragraph at lines 121--121
 []\T1/zi4/m/n/9 a.or.if <- assessment(RT, CR, stopping.rule="OR", correct=FALS
E, fast=TRUE, detection=TRUE)[] 

Overfull \hbox (8.25941pt too wide) in paragraph at lines 122--122
 []\T1/zi4/m/n/9 a.or.is <- assessment(RT, CR, stopping.rule="OR", correct=FALS
E, fast=FALSE, detection=TRUE)[] 
[3]
Overfull \hbox (8.25941pt too wide) in paragraph at lines 141--141
 []\T1/zi4/m/n/9 a.and.cf <- assessment(RT, CR, stopping.rule="AND", correct=TR
UE, fast=TRUE, detection=TRUE)[] 

Overfull \hbox (12.75941pt too wide) in paragraph at lines 142--142
 []\T1/zi4/m/n/9 a.and.cs <- assessment(RT, CR, stopping.rule="AND", correct=TR
UE, fast=FALSE, detection=TRUE)[] 

Overfull \hbox (12.75941pt too wide) in paragraph at lines 143--143
 []\T1/zi4/m/n/9 a.and.if <- assessment(RT, CR, stopping.rule="AND", correct=FA
LSE, fast=TRUE, detection=TRUE)[] 

Overfull \hbox (17.25941pt too wide) in paragraph at lines 144--144
 []\T1/zi4/m/n/9 a.and.is <- assessment(RT, CR, stopping.rule="AND", correct=FA
LSE, fast=FALSE, detection=TRUE)[] 

Overfull \hbox (21.43051pt too wide) in paragraph at lines 162--162
 []\T1/zi4/m/n/10 assessmentGroup(inData, stopping.rule=c("OR", "AND", "STST"),
 correct=c(TRUE, FALSE), 
[4] [5] [6] (/data/texlive2025/texmf-dist/tex/latex/inconsolata/ts1zi4.fd)
[7{/data/texlive2025/texmf-dist/fonts/enc/dvips/inconsolata/i4-ts1.enc}]
Overfull \hbox (1.3962pt too wide) in paragraph at lines 338--339
[]\T1/ptm/m/n/10 The identification-AND ca-pac-ity co-ef-fi-cient com-pares per
-for-mance on task to an unlimited-capacity,
[8] [9] [10] [11] [12] [13] [14] [15] [16] [17] [18] [19] [20] [21] [22]
[23] [24] [25] [26] [27] [28] [29] [30] [31]
Overfull \hbox (66.28754pt too wide) in paragraph at lines 1364--1366
[]\T1/ptm/m/n/10 A fit-ted []\T1/zi4/m/n/10 sft_bayes []\T1/ptm/m/n/10 ob-ject,
 or a canon-i-cal SFT data frame to fit with [][][]\T1/zi4/m/n/10 semiparametri
cSFT.bayes[][][][]\T1/ptm/m/n/10 . 

Overfull \hbox (34.36916pt too wide) in paragraph at lines 1366--1369
[]\T1/ptm/m/n/10 Passed to [][][]\T1/zi4/m/n/10 semiparametricSFT.bayes[][][] [
]\T1/ptm/m/n/10 when []\T1/zi4/m/n/10 object []\T1/ptm/m/n/10 is a data frame. 
A []\T1/zi4/m/n/10 salience_split
[32] [33] [34]
Overfull \hbox (0.94963pt too wide) in paragraph at lines 1513--1516
[]\T1/ptm/m/n/10 A data frame with []\T1/zi4/m/n/10 Subject[]\T1/ptm/m/n/10 , [
]\T1/zi4/m/n/10 Condition[]\T1/ptm/m/n/10 , []\T1/zi4/m/n/10 RT[]\T1/ptm/m/n/10
 , []\T1/zi4/m/n/10 Correct[]\T1/ptm/m/n/10 , []\T1/zi4/m/n/10 Channel1[]\T1/pt
m/m/n/10 , and []\T1/zi4/m/n/10 Channel2[]\T1/ptm/m/n/10 .
[35]
Overfull \hbox (3.22867pt too wide) in paragraph at lines 1525--1527
[]\T1/ptm/m/n/10 Optional func-tion of []\T1/zi4/m/n/10 Channel1 []\T1/ptm/m/n/
10 and []\T1/zi4/m/n/10 Channel2 []\T1/ptm/m/n/10 re-turn-ing pooled la-bels or
 salience-

Overfull \hbox (38.33914pt too wide) in paragraph at lines 1544--1547
[]\T1/ptm/m/n/10 Compatibility aliases in-clud-ing []\T1/zi4/m/n/10 bins[]\T1/p
tm/m/n/10 , []\T1/zi4/m/n/10 nbin[]\T1/ptm/m/n/10 , []\T1/zi4/m/n/10 grid_bins[
]\T1/ptm/m/n/10 , []\T1/zi4/m/n/10 rt.units[]\T1/ptm/m/n/10 , []\T1/zi4/m/n/10 
central_quantiles[]\T1/ptm/m/n/10 ,

Overfull \hbox (5.64087pt too wide) in paragraph at lines 1551--1563
\T1/zi4/m/n/10 speed - asymmetry/2[]\T1/ptm/m/n/10 , and []\T1/zi4/m/n/10 log h
_AB = log_sum_exp(log h_A, log h_B) + delta_population(t)
[36]
Overfull \hbox (8.24101pt too wide) in paragraph at lines 1599--1599
 []  \T1/zi4/m/n/9 dfp <- semiparametricSFT.bayes(sftData, Condition = "OR", sa
lience_split = TRUE, seed = 801)[] 

Overfull \hbox (23.76941pt too wide) in paragraph at lines 1626--1629
[]\T1/ptm/m/n/10 A data frame con-tain-ing []\T1/zi4/m/n/10 Subject[]\T1/ptm/m/
n/10 , []\T1/zi4/m/n/10 RT[]\T1/ptm/m/n/10 , []\T1/zi4/m/n/10 Correct[]\T1/ptm/
m/n/10 , []\T1/zi4/m/n/10 Channel1[]\T1/ptm/m/n/10 , and []\T1/zi4/m/n/10 Chann
el2[]\T1/ptm/m/n/10 . []\T1/zi4/m/n/10 Condition
[37]
Overfull \hbox (158.06992pt too wide) in paragraph at lines 1705--1705
 []\T1/zi4/m/n/10 build_cdf_df(times, series_specs, probs = c(.05, .95), smooth
_cdf = c("none", "mono", "spline"), smooth_spar = .65)[] 

Overfull \hbox (269.72977pt too wide) in paragraph at lines 1707--1707
 []\T1/zi4/m/n/10 build_sic_df(times, series_specs, trim_cdf_tails = TRUE, cdf_
tail_cut = 5e-4, smooth_cdf = c("none", "mono", "spline"), smooth_spar = .65)[]
 
[38]
Overfull \hbox (51.41006pt too wide) in paragraph at lines 1712--1712
 []\T1/zi4/m/n/10 LogicalRules_rfun_lba(n, pars, LogicalRule, shared_capacity =
 NULL, kappa = NULL, tau = NULL)[] 

Overfull \hbox (1012.95746pt too wide) in paragraph at lines 1713--1713
 []\T1/zi4/m/n/10 LogicalRules_OU_rfun(n, pars, LogicalRule, cross_talk = c(pos
 = 0, neg = 0), dt = .001, max_time = 3, bridge = TRUE, bridge_exp_cutoff = -20
, backend = c("auto", "Rcpp", "R"), adaptive = FALSE, adaptive_mode = c("distan
ce", "ptol"), adapt_factor = 32, adapt_eps = 1.5, p_tol = 1e-9, curv_tol = .1)[
] 

Overfull \hbox (283.03925pt too wide) in paragraph at lines 1714--1714
 []\T1/zi4/m/n/10 LogicalRules_OU_rfun_R(n, pars, LogicalRule, cross_talk = c(p
os = 0, neg = 0), dt = .001, max_time = 3, bridge = TRUE, bridge_exp_cutoff = -
20)[] 

Overfull \hbox (876.30783pt too wide) in paragraph at lines 1715--1715
 []\T1/zi4/m/n/10 LogicalRules_OU_rfun_Rcpp(n, pars, LogicalRule, cross_talk = 
c(pos = 0, neg = 0), dt = .001, max_time = 3, bridge = TRUE, bridge_exp_cutoff 
= -20, adaptive = FALSE, adaptive_mode = c("distance", "ptol"), adapt_factor = 
32, adapt_eps = 1.5, p_tol = 1e-9, curv_tol = .1)[] 

Overfull \hbox (4.75021pt too wide) in paragraph at lines 1716--1716
 []\T1/zi4/m/n/10 plot_altieri(n, p_vec, smooth_cdf = c("none", "mono", "spline
"), smooth_spar = .65)[] 

Overfull \hbox (129.70932pt too wide) in paragraph at lines 1720--1720
 []\T1/zi4/m/n/10 sicDPtest(dat, nbin = NULL, nsamp = 10000L, maxn = 500000L, t
olSIC = 5e-2, tolMIC = NULL, ci = .95, seed = NULL)[] 

Overfull \hbox (211.36917pt too wide) in paragraph at lines 1721--1721
 []\T1/zi4/m/n/10 sictestBayes(HH, HL, LH, LL, method = c("DP", "IG"), model = 
NULL, nbin = NULL, nsamp = 10000L, maxn = 500000L, seed = NULL, ...)[] 

Overfull \hbox (1501.21582pt too wide) in paragraph at lines 1722--1722
 []\T1/zi4/m/n/10 simulate_sft(model = c("lba", "ou"), n, p_vec, design = NULL,
 salience = FALSE, logical_rules = NULL, sics = FALSE, cdfs = FALSE, a_t = FALS
E, subject = 1, backend = c("auto", "Rcpp", "R"), dt = .001, max_time = 2, brid
ge = TRUE, bridge_exp_cutoff = -20, adaptive = TRUE, adaptive_mode = c("ptol", 
"distance"), adapt_factor = 32, adapt_eps = 1.5, p_tol = 1e-8, curv_tol = .05, 
kappa = NULL, tau = NULL)[] 

Overfull \hbox (139.72977pt too wide) in paragraph at lines 1723--1723
 []\T1/zi4/m/n/10 simulate_sft_group(model = c("lba", "ou"), n, params, nSubjec
ts = NULL, subject_ids = NULL, combine = TRUE, ...)[] 

Overfull \hbox (1931.19537pt too wide) in paragraph at lines 1725--1725
 []\T1/zi4/m/n/10 capacityGroup.bayes(inData, CR = NULL, stopping.rule = c("OR"
, "AND", "STST"), ndraws = 10000L, prior_shape = 2, prior_rate = 0.5, seed = NU
LL, hdi = .94, prior_mean = 0, prior_sd = 1, burnin = 1000L, thin = 1L, chains 
= 4L, rope = NULL, method = c("InvGamma", "HalfNormal", "Centered"), prior_tau_
sd = 1, adapt_delta = .95, max_treedepth = 12L, stan_control = list(), tau2_pri
or_shape = NULL, tau2_prior_rate = NULL, Condition = NULL, Subject = NULL, scor
e_method = c("score", "capacity"))[] 

Overfull \hbox (546.32828pt too wide) in paragraph at lines 1726--1726
 []\T1/zi4/m/n/10 ucip.bayes(inData, CR = NULL, stopping.rule = c("OR", "AND", 
"STST"), ndraws = 10000L, seed = NULL, hdi = .94, prior_mean = 0, prior_sd = 1,
 chains = 4L, rope = NULL, Condition = NULL, Subject = NULL)[] 
[39]
Underfull \hbox (badness 4403) in paragraph at lines 1753--1753
[]\T1/zi4/m/n/10 backend[]\T1/ptm/m/n/10 , []\T1/zi4/m/n/10 adaptive[]\T1/ptm/m
/n/10 , []\T1/zi4/m/n/10 adaptive_mode[]\T1/ptm/m/n/10 , []\T1/zi4/m/n/10 adapt
_factor[]\T1/ptm/m/n/10 , []\T1/zi4/m/n/10 adapt_eps[]\T1/ptm/m/n/10 , []\T1/zi
4/m/n/10 p_tol[]\T1/ptm/m/n/10 ,

Overfull \hbox (1.55727pt too wide) in paragraph at lines 1759--1760
\T1/ptm/m/n/10 For []\T1/zi4/m/n/10 sictestBayes[]\T1/ptm/m/n/10 , []\T1/zi4/m/
n/10 DP []\T1/ptm/m/n/10 is im-ple-mented for Bayesian SIC test-ing, while the 
legacy

Overfull \hbox (4.18909pt too wide) in paragraph at lines 1765--1766
\T1/ptm/m/n/10 to the row names of []\T1/zi4/m/n/10 params []\T1/ptm/m/n/10 whe
n present, oth-er-wise zero-padded []\T1/zi4/m/n/10 "Subject001"[]\T1/ptm/m/n/1
0 ,
[40]
Overfull \hbox (42.74869pt too wide) in paragraph at lines 1773--1774
[]\T1/ptm/m/n/10 Gibbs sam-pler burn-in, thin-ning in-ter-val, and num-ber of c
hains for []\T1/zi4/m/n/10 capacityGroup.bayes[]\T1/ptm/m/n/10 . 

Overfull \hbox (40.36096pt too wide) in paragraph at lines 1784--1797
[]\T1/zi4/m/n/10 shared_capacity_kappa[]\T1/ptm/m/n/10 , []\T1/zi4/m/n/10 share
d_kappa[]\T1/ptm/m/n/10 , []\T1/zi4/m/n/10 capacity_tau[]\T1/ptm/m/n/10 , []\T1
/zi4/m/n/10 capacity_target_tau[]\T1/ptm/m/n/10 , []\T1/zi4/m/n/10 shared_capac
ity_tau[]\T1/ptm/m/n/10 ,
[41]
Overfull \hbox (318.06992pt too wide) in paragraph at lines 1857--1857
 []\T1/zi4/m/n/10 sic(HH, HL, LH, LL, domtest="ks", sictest="ks", mictest=c("ar
t", "anova"), interpolate=FALSE, nbin=20L, nsamp=10000L, maxn=500000L, seed=NUL
L, ...) 
[42] [43] [44]
Overfull \hbox (36.21722pt too wide) in paragraph at lines 1962--1969
\T1/ptm/m/n/10 re-turned at the sub-ject (par-tially pooled), pop-u-la-tion (ty
pical-subject pa-ram-e-ter), []\T1/zi4/m/n/10 population_finite_mean[]\T1/ptm/m
/n/10 ,

Overfull \hbox (66.28754pt too wide) in paragraph at lines 1979--1981
[]\T1/ptm/m/n/10 A fit-ted []\T1/zi4/m/n/10 sft_bayes []\T1/ptm/m/n/10 ob-ject,
 or a canon-i-cal SFT data frame to fit with [][][]\T1/zi4/m/n/10 semiparametri
cSFT.bayes[][][][]\T1/ptm/m/n/10 . 

Overfull \hbox (34.36916pt too wide) in paragraph at lines 1981--1984
[]\T1/ptm/m/n/10 Passed to [][][]\T1/zi4/m/n/10 semiparametricSFT.bayes[][][] [
]\T1/ptm/m/n/10 when []\T1/zi4/m/n/10 object []\T1/ptm/m/n/10 is a data frame. 
A []\T1/zi4/m/n/10 salience_split
[45] [46] [47]
Overfull \hbox (39.76044pt too wide) in paragraph at lines 2106--2106
 []\T1/zi4/m/n/10 sicGroup(inData, sictest=c("ks", "bf"), mictest=c("art", "ano
va"), domtest=c("ks", "dp"), 
[48]
Overfull \hbox (11.42029pt too wide) in paragraph at lines 2180--2180
 []\T1/zi4/m/n/10 siDominance(HH, HL, LH, LL, method=c("ks", "dp"), nbin=20L, n
samp=10000L, seed=NULL) 
[49] [50] [51]
Overfull \hbox (41.18044pt too wide) in paragraph at lines 2288--2295
[][][]\T1/zi4/m/n/10 capacity.or[][][] [][]capacity.and[][][] [][]capacity.id[]
[][] [][]estimateUCIPor[][][] [][]estimateUCIPand[][][] [][]estimateNAH[][][] [
][]estimateNAK[][][] 

Overfull \hbox (2.26555pt too wide) in paragraph at lines 2311--2311
 []\T1/zi4/m/n/9 z.unlimited <- ucip.id.test(dt.rt=RT.pp.unlimited, nt.rt=RT.nt
, st.rts=list(RT.pa, RT.ap))[] 
[52] [53]
Overfull \hbox (11.25635pt too wide) in paragraph at lines 2392--2392
 []\T1/zi4/m/n/9 z.limited   <- ucip.test(RT=list(RT.pp.limited, RT.pa, RT.ap),
 CR=CRlist, stopping.rule="OR")[] 

Overfull \hbox (23.26248pt too wide) in paragraph at lines 2393--2393
 []\T1/zi4/m/n/9 z.unlimited <- ucip.test(RT=list(RT.pp.unlimited, RT.pa, RT.ap
), CR=CRlist, stopping.rule="OR")[] 

Overfull \hbox (15.75635pt too wide) in paragraph at lines 2400--2400
 []\T1/zi4/m/n/9 z.limited   <- ucip.test(RT=list(RT.pp.limited, RT.pa, RT.ap),
 CR=CRlist, stopping.rule="AND")[] 

Overfull \hbox (27.76248pt too wide) in paragraph at lines 2401--2401
 []\T1/zi4/m/n/9 z.unlimited <- ucip.test(RT=list(RT.pp.unlimited, RT.pa, RT.ap
), CR=CRlist, stopping.rule="AND")[] 

Overfull \hbox (3.75021pt too wide) in paragraph at lines 2402--2402
 []\T1/zi4/m/n/9 z.super     <- ucip.test(RT=list(RT.pp.super, RT.pa, RT.ap), C
R=CRlist, stopping.rule="AND")[] 
No file Rd2.ind.
[54] (./Rd2.aux)

Package rerunfilecheck Warning: File `Rd2.out' has changed.
(rerunfilecheck)                Rerun to get outlines right
(rerunfilecheck)                or use package `bookmark'.

 )
(see the transcript file for additional information)
pdfTeX warning (dest): name{Rfn.ks.test} has been referenced but does not exist
, replaced by a fixed one


pdfTeX warning (dest): name{Rfn.fda} has been referenced but does not exist, re
placed by a fixed one


pdfTeX warning (dest): name{Rfn.approxfun} has been referenced but does not exi
st, replaced by a fixed one


pdfTeX warning (dest): name{Rfn.stepfun} has been referenced but does not exist
, replaced by a fixed one

</data/texlive2025/texmf-dist/fonts/type1/public/inconsolata/Inconsolata-zi4r.p
fb></data/texlive2025/texmf-dist/fonts/type1/public/amsfonts/cm/cmex10.pfb></da
ta/texlive2025/texmf-dist/fonts/type1/public/amsfonts/cm/cmmi10.pfb></data/texl
ive2025/texmf-dist/fonts/type1/public/amsfonts/cm/cmmi7.pfb></data/texlive2025/
texmf-dist/fonts/type1/public/amsfonts/cm/cmr10.pfb></data/texlive2025/texmf-di
st/fonts/type1/public/amsfonts/cm/cmr7.pfb></data/texlive2025/texmf-dist/fonts/
type1/public/amsfonts/cm/cmsy10.pfb></data/texlive2025/texmf-dist/fonts/type1/p
ublic/amsfonts/cm/cmsy7.pfb></data/texlive2025/texmf-dist/fonts/type1/urw/times
/utmb8a.pfb></data/texlive2025/texmf-dist/fonts/type1/urw/times/utmr8a.pfb></da
ta/texlive2025/texmf-dist/fonts/type1/urw/times/utmr8a.pfb></data/texlive2025/t
exmf-dist/fonts/type1/urw/times/utmri8a.pfb>
Output written on Rd2.pdf (54 pages, 283704 bytes).
Transcript written on Rd2.log.
This is makeindex, version 2.17 [TeX Live 2025] (kpathsea + Thai support).
Scanning input file Rd2.idx....done (180 entries accepted, 0 rejected).
Sorting entries....done (1386 comparisons).
Generating output file Rd2.ind....done (223 lines written, 2 warnings).
Output written in Rd2.ind.
Transcript written in Rd2.ilg.
This is pdfTeX, Version 3.141592653-2.6-1.40.28 (TeX Live 2025) (preloaded format=pdflatex)
 restricted \write18 enabled.
entering extended mode
(./Rd2.tex
LaTeX2e <2025-11-01>
L3 programming layer <2025-10-24>

(/data/texlive2025/texmf-dist/tex/latex/base/book.cls
Document Class: book 2025/01/22 v1.4n Standard LaTeX document class
(/data/texlive2025/texmf-dist/tex/latex/base/bk10.clo))
(/usr/share/R/share/texmf/tex/latex/Rd.sty
(/data/texlive2025/texmf-dist/tex/latex/base/ifthen.sty)
(/data/texlive2025/texmf-dist/tex/generic/iftex/iftex.sty)
(/data/texlive2025/texmf-dist/tex/latex/tools/longtable.sty)
(/data/texlive2025/texmf-dist/tex/latex/tools/bm.sty)
(/data/texlive2025/texmf-dist/tex/latex/base/alltt.sty)
(/data/texlive2025/texmf-dist/tex/latex/tools/verbatim.sty)
(/data/texlive2025/texmf-dist/tex/latex/url/url.sty)
(/data/texlive2025/texmf-dist/tex/latex/base/textcomp.sty)
(/data/texlive2025/texmf-dist/tex/latex/amsmath/amsmath.sty
For additional information on amsmath, use the `?' option.
(/data/texlive2025/texmf-dist/tex/latex/amsmath/amstext.sty
(/data/texlive2025/texmf-dist/tex/latex/amsmath/amsgen.sty))
(/data/texlive2025/texmf-dist/tex/latex/amsmath/amsbsy.sty)
(/data/texlive2025/texmf-dist/tex/latex/amsmath/amsopn.sty))
(/data/texlive2025/texmf-dist/tex/latex/amsfonts/amsfonts.sty)
(/data/texlive2025/texmf-dist/tex/latex/amsfonts/amssymb.sty)
(/data/texlive2025/texmf-dist/tex/latex/jknapltx/mathrsfs.sty)
(/data/texlive2025/texmf-dist/tex/latex/base/fontenc.sty)
(/data/texlive2025/texmf-dist/tex/latex/psnfss/times.sty)
(/data/texlive2025/texmf-dist/tex/latex/inconsolata/zi4.sty
`inconsolata-zi4' v1.12, 2019/05/17 Text macros for Inconsolata (msharpe)
(/data/texlive2025/texmf-dist/tex/latex/xkeyval/xkeyval.sty
(/data/texlive2025/texmf-dist/tex/generic/xkeyval/xkeyval.tex
(/data/texlive2025/texmf-dist/tex/generic/xkeyval/xkvutils.tex
(/data/texlive2025/texmf-dist/tex/generic/xkeyval/keyval.tex)))))
(/data/texlive2025/texmf-dist/tex/latex/graphics/color.sty
(/data/texlive2025/texmf-dist/tex/latex/graphics-cfg/color.cfg)
(/data/texlive2025/texmf-dist/tex/latex/graphics-def/pdftex.def)
(/data/texlive2025/texmf-dist/tex/latex/graphics/mathcolor.ltx))
(/data/texlive2025/texmf-dist/tex/latex/hyperref/hyperref.sty
(/data/texlive2025/texmf-dist/tex/latex/kvsetkeys/kvsetkeys.sty)
(/data/texlive2025/texmf-dist/tex/generic/kvdefinekeys/kvdefinekeys.sty)
(/data/texlive2025/texmf-dist/tex/generic/pdfescape/pdfescape.sty
(/data/texlive2025/texmf-dist/tex/generic/ltxcmds/ltxcmds.sty)
(/data/texlive2025/texmf-dist/tex/generic/pdftexcmds/pdftexcmds.sty
(/data/texlive2025/texmf-dist/tex/generic/infwarerr/infwarerr.sty)))
(/data/texlive2025/texmf-dist/tex/latex/hycolor/hycolor.sty)
(/data/texlive2025/texmf-dist/tex/latex/hyperref/nameref.sty
(/data/texlive2025/texmf-dist/tex/latex/refcount/refcount.sty)
(/data/texlive2025/texmf-dist/tex/generic/gettitlestring/gettitlestring.sty
(/data/texlive2025/texmf-dist/tex/latex/kvoptions/kvoptions.sty)))
(/data/texlive2025/texmf-dist/tex/latex/etoolbox/etoolbox.sty)
(/data/texlive2025/texmf-dist/tex/generic/stringenc/stringenc.sty)
(/data/texlive2025/texmf-dist/tex/latex/hyperref/pd1enc.def)
(/data/texlive2025/texmf-dist/tex/generic/intcalc/intcalc.sty)
(/data/texlive2025/texmf-dist/tex/latex/hyperref/puenc.def)
(/data/texlive2025/texmf-dist/tex/generic/bitset/bitset.sty
(/data/texlive2025/texmf-dist/tex/generic/bigintcalc/bigintcalc.sty)))
(/data/texlive2025/texmf-dist/tex/latex/hyperref/hpdftex.def
(/data/texlive2025/texmf-dist/tex/latex/rerunfilecheck/rerunfilecheck.sty
(/data/texlive2025/texmf-dist/tex/generic/uniquecounter/uniquecounter.sty))))
(/data/texlive2025/texmf-dist/tex/latex/base/makeidx.sty)
Writing index file Rd2.idx
(/data/texlive2025/texmf-dist/tex/latex/psnfss/t1ptm.fd)
(/data/texlive2025/texmf-dist/tex/latex/l3backend/l3backend-pdftex.def)
(./Rd2.aux) (/data/texlive2025/texmf-dist/tex/context/base/mkii/supp-pdf.mkii
[Loading MPS to PDF converter (version 2006.09.02).]
) (./Rd2.out) (./Rd2.out)
(/data/texlive2025/texmf-dist/tex/latex/inconsolata/t1zi4.fd) (./Rd2.toc
(/data/texlive2025/texmf-dist/tex/latex/amsfonts/umsa.fd)
(/data/texlive2025/texmf-dist/tex/latex/amsfonts/umsb.fd)
(/data/texlive2025/texmf-dist/tex/latex/jknapltx/ursfs.fd) [1{/data/texlive2025
/texmf-var/fonts/map/pdftex/updmap/pdftex.map}{/data/texlive2025/texmf-dist/fon
ts/enc/dvips/base/8r.enc}{/data/texlive2025/texmf-dist/fonts/enc/dvips/inconsol
ata/i4-t1-0.enc}])
Overfull \hbox (23.09036pt too wide) in paragraph at lines 42--42
 []\T1/zi4/m/n/10 assessment(RT, CR = NULL, stopping.rule=c("OR","AND", "STST")
, correct=c(TRUE, FALSE), 
[2] [3]
Overfull \hbox (3.75941pt too wide) in paragraph at lines 120--120
 []\T1/zi4/m/n/9 a.or.cs <- assessment(RT, CR, stopping.rule="OR", correct=TRUE
, fast=FALSE, detection=TRUE)[] 

Overfull \hbox (3.75941pt too wide) in paragraph at lines 121--121
 []\T1/zi4/m/n/9 a.or.if <- assessment(RT, CR, stopping.rule="OR", correct=FALS
E, fast=TRUE, detection=TRUE)[] 

Overfull \hbox (8.25941pt too wide) in paragraph at lines 122--122
 []\T1/zi4/m/n/9 a.or.is <- assessment(RT, CR, stopping.rule="OR", correct=FALS
E, fast=FALSE, detection=TRUE)[] 

Overfull \hbox (8.25941pt too wide) in paragraph at lines 141--141
 []\T1/zi4/m/n/9 a.and.cf <- assessment(RT, CR, stopping.rule="AND", correct=TR
UE, fast=TRUE, detection=TRUE)[] 

Overfull \hbox (12.75941pt too wide) in paragraph at lines 142--142
 []\T1/zi4/m/n/9 a.and.cs <- assessment(RT, CR, stopping.rule="AND", correct=TR
UE, fast=FALSE, detection=TRUE)[] 

Overfull \hbox (12.75941pt too wide) in paragraph at lines 143--143
 []\T1/zi4/m/n/9 a.and.if <- assessment(RT, CR, stopping.rule="AND", correct=FA
LSE, fast=TRUE, detection=TRUE)[] 

Overfull \hbox (17.25941pt too wide) in paragraph at lines 144--144
 []\T1/zi4/m/n/9 a.and.is <- assessment(RT, CR, stopping.rule="AND", correct=FA
LSE, fast=FALSE, detection=TRUE)[] 
[4]
Overfull \hbox (21.43051pt too wide) in paragraph at lines 162--162
 []\T1/zi4/m/n/10 assessmentGroup(inData, stopping.rule=c("OR", "AND", "STST"),
 correct=c(TRUE, FALSE), 
[5] [6] [7] (/data/texlive2025/texmf-dist/tex/latex/inconsolata/ts1zi4.fd)
[8{/data/texlive2025/texmf-dist/fonts/enc/dvips/inconsolata/i4-ts1.enc}]
Overfull \hbox (1.3962pt too wide) in paragraph at lines 338--339
[]\T1/ptm/m/n/10 The identification-AND ca-pac-ity co-ef-fi-cient com-pares per
-for-mance on task to an unlimited-capacity,
[9] [10] [11] [12] [13] [14] [15] [16] [17] [18] [19] [20] [21] [22] [23]
[24] [25] [26] [27] [28] [29] [30] [31] [32]
Overfull \hbox (66.28754pt too wide) in paragraph at lines 1364--1366
[]\T1/ptm/m/n/10 A fit-ted []\T1/zi4/m/n/10 sft_bayes []\T1/ptm/m/n/10 ob-ject,
 or a canon-i-cal SFT data frame to fit with [][][]\T1/zi4/m/n/10 semiparametri
cSFT.bayes[][][][]\T1/ptm/m/n/10 . 

Overfull \hbox (34.36916pt too wide) in paragraph at lines 1366--1369
[]\T1/ptm/m/n/10 Passed to [][][]\T1/zi4/m/n/10 semiparametricSFT.bayes[][][] [
]\T1/ptm/m/n/10 when []\T1/zi4/m/n/10 object []\T1/ptm/m/n/10 is a data frame. 
A []\T1/zi4/m/n/10 salience_split
[33] [34] [35]
Overfull \hbox (0.94963pt too wide) in paragraph at lines 1513--1516
[]\T1/ptm/m/n/10 A data frame with []\T1/zi4/m/n/10 Subject[]\T1/ptm/m/n/10 , [
]\T1/zi4/m/n/10 Condition[]\T1/ptm/m/n/10 , []\T1/zi4/m/n/10 RT[]\T1/ptm/m/n/10
 , []\T1/zi4/m/n/10 Correct[]\T1/ptm/m/n/10 , []\T1/zi4/m/n/10 Channel1[]\T1/pt
m/m/n/10 , and []\T1/zi4/m/n/10 Channel2[]\T1/ptm/m/n/10 .
[36]
Overfull \hbox (3.22867pt too wide) in paragraph at lines 1525--1527
[]\T1/ptm/m/n/10 Optional func-tion of []\T1/zi4/m/n/10 Channel1 []\T1/ptm/m/n/
10 and []\T1/zi4/m/n/10 Channel2 []\T1/ptm/m/n/10 re-turn-ing pooled la-bels or
 salience-

Overfull \hbox (38.33914pt too wide) in paragraph at lines 1544--1547
[]\T1/ptm/m/n/10 Compatibility aliases in-clud-ing []\T1/zi4/m/n/10 bins[]\T1/p
tm/m/n/10 , []\T1/zi4/m/n/10 nbin[]\T1/ptm/m/n/10 , []\T1/zi4/m/n/10 grid_bins[
]\T1/ptm/m/n/10 , []\T1/zi4/m/n/10 rt.units[]\T1/ptm/m/n/10 , []\T1/zi4/m/n/10 
central_quantiles[]\T1/ptm/m/n/10 ,

Overfull \hbox (5.64087pt too wide) in paragraph at lines 1551--1563
\T1/zi4/m/n/10 speed - asymmetry/2[]\T1/ptm/m/n/10 , and []\T1/zi4/m/n/10 log h
_AB = log_sum_exp(log h_A, log h_B) + delta_population(t)
[37]
Overfull \hbox (8.24101pt too wide) in paragraph at lines 1599--1599
 []  \T1/zi4/m/n/9 dfp <- semiparametricSFT.bayes(sftData, Condition = "OR", sa
lience_split = TRUE, seed = 801)[] 

Overfull \hbox (23.76941pt too wide) in paragraph at lines 1626--1629
[]\T1/ptm/m/n/10 A data frame con-tain-ing []\T1/zi4/m/n/10 Subject[]\T1/ptm/m/
n/10 , []\T1/zi4/m/n/10 RT[]\T1/ptm/m/n/10 , []\T1/zi4/m/n/10 Correct[]\T1/ptm/
m/n/10 , []\T1/zi4/m/n/10 Channel1[]\T1/ptm/m/n/10 , and []\T1/zi4/m/n/10 Chann
el2[]\T1/ptm/m/n/10 . []\T1/zi4/m/n/10 Condition
[38]
Overfull \hbox (158.06992pt too wide) in paragraph at lines 1705--1705
 []\T1/zi4/m/n/10 build_cdf_df(times, series_specs, probs = c(.05, .95), smooth
_cdf = c("none", "mono", "spline"), smooth_spar = .65)[] 

Overfull \hbox (269.72977pt too wide) in paragraph at lines 1707--1707
 []\T1/zi4/m/n/10 build_sic_df(times, series_specs, trim_cdf_tails = TRUE, cdf_
tail_cut = 5e-4, smooth_cdf = c("none", "mono", "spline"), smooth_spar = .65)[]
 
[39]
Overfull \hbox (51.41006pt too wide) in paragraph at lines 1712--1712
 []\T1/zi4/m/n/10 LogicalRules_rfun_lba(n, pars, LogicalRule, shared_capacity =
 NULL, kappa = NULL, tau = NULL)[] 

Overfull \hbox (1012.95746pt too wide) in paragraph at lines 1713--1713
 []\T1/zi4/m/n/10 LogicalRules_OU_rfun(n, pars, LogicalRule, cross_talk = c(pos
 = 0, neg = 0), dt = .001, max_time = 3, bridge = TRUE, bridge_exp_cutoff = -20
, backend = c("auto", "Rcpp", "R"), adaptive = FALSE, adaptive_mode = c("distan
ce", "ptol"), adapt_factor = 32, adapt_eps = 1.5, p_tol = 1e-9, curv_tol = .1)[
] 

Overfull \hbox (283.03925pt too wide) in paragraph at lines 1714--1714
 []\T1/zi4/m/n/10 LogicalRules_OU_rfun_R(n, pars, LogicalRule, cross_talk = c(p
os = 0, neg = 0), dt = .001, max_time = 3, bridge = TRUE, bridge_exp_cutoff = -
20)[] 

Overfull \hbox (876.30783pt too wide) in paragraph at lines 1715--1715
 []\T1/zi4/m/n/10 LogicalRules_OU_rfun_Rcpp(n, pars, LogicalRule, cross_talk = 
c(pos = 0, neg = 0), dt = .001, max_time = 3, bridge = TRUE, bridge_exp_cutoff 
= -20, adaptive = FALSE, adaptive_mode = c("distance", "ptol"), adapt_factor = 
32, adapt_eps = 1.5, p_tol = 1e-9, curv_tol = .1)[] 

Overfull \hbox (4.75021pt too wide) in paragraph at lines 1716--1716
 []\T1/zi4/m/n/10 plot_altieri(n, p_vec, smooth_cdf = c("none", "mono", "spline
"), smooth_spar = .65)[] 

Overfull \hbox (129.70932pt too wide) in paragraph at lines 1720--1720
 []\T1/zi4/m/n/10 sicDPtest(dat, nbin = NULL, nsamp = 10000L, maxn = 500000L, t
olSIC = 5e-2, tolMIC = NULL, ci = .95, seed = NULL)[] 

Overfull \hbox (211.36917pt too wide) in paragraph at lines 1721--1721
 []\T1/zi4/m/n/10 sictestBayes(HH, HL, LH, LL, method = c("DP", "IG"), model = 
NULL, nbin = NULL, nsamp = 10000L, maxn = 500000L, seed = NULL, ...)[] 

Overfull \hbox (1501.21582pt too wide) in paragraph at lines 1722--1722
 []\T1/zi4/m/n/10 simulate_sft(model = c("lba", "ou"), n, p_vec, design = NULL,
 salience = FALSE, logical_rules = NULL, sics = FALSE, cdfs = FALSE, a_t = FALS
E, subject = 1, backend = c("auto", "Rcpp", "R"), dt = .001, max_time = 2, brid
ge = TRUE, bridge_exp_cutoff = -20, adaptive = TRUE, adaptive_mode = c("ptol", 
"distance"), adapt_factor = 32, adapt_eps = 1.5, p_tol = 1e-8, curv_tol = .05, 
kappa = NULL, tau = NULL)[] 

Overfull \hbox (139.72977pt too wide) in paragraph at lines 1723--1723
 []\T1/zi4/m/n/10 simulate_sft_group(model = c("lba", "ou"), n, params, nSubjec
ts = NULL, subject_ids = NULL, combine = TRUE, ...)[] 

Overfull \hbox (1931.19537pt too wide) in paragraph at lines 1725--1725
 []\T1/zi4/m/n/10 capacityGroup.bayes(inData, CR = NULL, stopping.rule = c("OR"
, "AND", "STST"), ndraws = 10000L, prior_shape = 2, prior_rate = 0.5, seed = NU
LL, hdi = .94, prior_mean = 0, prior_sd = 1, burnin = 1000L, thin = 1L, chains 
= 4L, rope = NULL, method = c("InvGamma", "HalfNormal", "Centered"), prior_tau_
sd = 1, adapt_delta = .95, max_treedepth = 12L, stan_control = list(), tau2_pri
or_shape = NULL, tau2_prior_rate = NULL, Condition = NULL, Subject = NULL, scor
e_method = c("score", "capacity"))[] 

Overfull \hbox (546.32828pt too wide) in paragraph at lines 1726--1726
 []\T1/zi4/m/n/10 ucip.bayes(inData, CR = NULL, stopping.rule = c("OR", "AND", 
"STST"), ndraws = 10000L, seed = NULL, hdi = .94, prior_mean = 0, prior_sd = 1,
 chains = 4L, rope = NULL, Condition = NULL, Subject = NULL)[] 
[40]
Underfull \hbox (badness 4403) in paragraph at lines 1753--1753
[]\T1/zi4/m/n/10 backend[]\T1/ptm/m/n/10 , []\T1/zi4/m/n/10 adaptive[]\T1/ptm/m
/n/10 , []\T1/zi4/m/n/10 adaptive_mode[]\T1/ptm/m/n/10 , []\T1/zi4/m/n/10 adapt
_factor[]\T1/ptm/m/n/10 , []\T1/zi4/m/n/10 adapt_eps[]\T1/ptm/m/n/10 , []\T1/zi
4/m/n/10 p_tol[]\T1/ptm/m/n/10 ,

Overfull \hbox (1.55727pt too wide) in paragraph at lines 1759--1760
\T1/ptm/m/n/10 For []\T1/zi4/m/n/10 sictestBayes[]\T1/ptm/m/n/10 , []\T1/zi4/m/
n/10 DP []\T1/ptm/m/n/10 is im-ple-mented for Bayesian SIC test-ing, while the 
legacy

Overfull \hbox (4.18909pt too wide) in paragraph at lines 1765--1766
\T1/ptm/m/n/10 to the row names of []\T1/zi4/m/n/10 params []\T1/ptm/m/n/10 whe
n present, oth-er-wise zero-padded []\T1/zi4/m/n/10 "Subject001"[]\T1/ptm/m/n/1
0 ,
[41]
Overfull \hbox (42.74869pt too wide) in paragraph at lines 1773--1774
[]\T1/ptm/m/n/10 Gibbs sam-pler burn-in, thin-ning in-ter-val, and num-ber of c
hains for []\T1/zi4/m/n/10 capacityGroup.bayes[]\T1/ptm/m/n/10 . 

Overfull \hbox (40.36096pt too wide) in paragraph at lines 1784--1797
[]\T1/zi4/m/n/10 shared_capacity_kappa[]\T1/ptm/m/n/10 , []\T1/zi4/m/n/10 share
d_kappa[]\T1/ptm/m/n/10 , []\T1/zi4/m/n/10 capacity_tau[]\T1/ptm/m/n/10 , []\T1
/zi4/m/n/10 capacity_target_tau[]\T1/ptm/m/n/10 , []\T1/zi4/m/n/10 shared_capac
ity_tau[]\T1/ptm/m/n/10 ,
[42]
Overfull \hbox (318.06992pt too wide) in paragraph at lines 1857--1857
 []\T1/zi4/m/n/10 sic(HH, HL, LH, LL, domtest="ks", sictest="ks", mictest=c("ar
t", "anova"), interpolate=FALSE, nbin=20L, nsamp=10000L, maxn=500000L, seed=NUL
L, ...) 
[43] [44] [45]
Overfull \hbox (36.21722pt too wide) in paragraph at lines 1962--1969
\T1/ptm/m/n/10 re-turned at the sub-ject (par-tially pooled), pop-u-la-tion (ty
pical-subject pa-ram-e-ter), []\T1/zi4/m/n/10 population_finite_mean[]\T1/ptm/m
/n/10 ,

Overfull \hbox (66.28754pt too wide) in paragraph at lines 1979--1981
[]\T1/ptm/m/n/10 A fit-ted []\T1/zi4/m/n/10 sft_bayes []\T1/ptm/m/n/10 ob-ject,
 or a canon-i-cal SFT data frame to fit with [][][]\T1/zi4/m/n/10 semiparametri
cSFT.bayes[][][][]\T1/ptm/m/n/10 . 

Overfull \hbox (34.36916pt too wide) in paragraph at lines 1981--1984
[]\T1/ptm/m/n/10 Passed to [][][]\T1/zi4/m/n/10 semiparametricSFT.bayes[][][] [
]\T1/ptm/m/n/10 when []\T1/zi4/m/n/10 object []\T1/ptm/m/n/10 is a data frame. 
A []\T1/zi4/m/n/10 salience_split
[46] [47] [48]
Overfull \hbox (39.76044pt too wide) in paragraph at lines 2106--2106
 []\T1/zi4/m/n/10 sicGroup(inData, sictest=c("ks", "bf"), mictest=c("art", "ano
va"), domtest=c("ks", "dp"), 
[49]
Overfull \hbox (11.42029pt too wide) in paragraph at lines 2180--2180
 []\T1/zi4/m/n/10 siDominance(HH, HL, LH, LL, method=c("ks", "dp"), nbin=20L, n
samp=10000L, seed=NULL) 
[50] [51] [52]
Overfull \hbox (41.18044pt too wide) in paragraph at lines 2288--2295
[][][]\T1/zi4/m/n/10 capacity.or[][][] [][]capacity.and[][][] [][]capacity.id[]
[][] [][]estimateUCIPor[][][] [][]estimateUCIPand[][][] [][]estimateNAH[][][] [
][]estimateNAK[][][] 

Overfull \hbox (2.26555pt too wide) in paragraph at lines 2311--2311
 []\T1/zi4/m/n/9 z.unlimited <- ucip.id.test(dt.rt=RT.pp.unlimited, nt.rt=RT.nt
, st.rts=list(RT.pa, RT.ap))[] 
[53] [54]
Overfull \hbox (11.25635pt too wide) in paragraph at lines 2392--2392
 []\T1/zi4/m/n/9 z.limited   <- ucip.test(RT=list(RT.pp.limited, RT.pa, RT.ap),
 CR=CRlist, stopping.rule="OR")[] 

Overfull \hbox (23.26248pt too wide) in paragraph at lines 2393--2393
 []\T1/zi4/m/n/9 z.unlimited <- ucip.test(RT=list(RT.pp.unlimited, RT.pa, RT.ap
), CR=CRlist, stopping.rule="OR")[] 

Overfull \hbox (15.75635pt too wide) in paragraph at lines 2400--2400
 []\T1/zi4/m/n/9 z.limited   <- ucip.test(RT=list(RT.pp.limited, RT.pa, RT.ap),
 CR=CRlist, stopping.rule="AND")[] 

Overfull \hbox (27.76248pt too wide) in paragraph at lines 2401--2401
 []\T1/zi4/m/n/9 z.unlimited <- ucip.test(RT=list(RT.pp.unlimited, RT.pa, RT.ap
), CR=CRlist, stopping.rule="AND")[] 

Overfull \hbox (3.75021pt too wide) in paragraph at lines 2402--2402
 []\T1/zi4/m/n/9 z.super     <- ucip.test(RT=list(RT.pp.super, RT.pa, RT.ap), C
R=CRlist, stopping.rule="AND")[] 
(./Rd2.ind [55]

LaTeX Font Warning: Font shape `T1/zi4/m/it' undefined
(Font)              using `T1/zi4/m/n' instead on input line 44.

[56] [57]) (./Rd2.aux)

LaTeX Font Warning: Some font shapes were not available, defaults substituted.


Package rerunfilecheck Warning: File `Rd2.out' has changed.
(rerunfilecheck)                Rerun to get outlines right
(rerunfilecheck)                or use package `bookmark'.

 )
(see the transcript file for additional information)
pdfTeX warning (dest): name{Rfn.ks.test} has been referenced but does not exist
, replaced by a fixed one


pdfTeX warning (dest): name{Rfn.fda} has been referenced but does not exist, re
placed by a fixed one


pdfTeX warning (dest): name{Rfn.approxfun} has been referenced but does not exi
st, replaced by a fixed one


pdfTeX warning (dest): name{Rfn.stepfun} has been referenced but does not exist
, replaced by a fixed one

</data/texlive2025/texmf-dist/fonts/type1/public/inconsolata/Inconsolata-zi4r.p
fb></data/texlive2025/texmf-dist/fonts/type1/public/amsfonts/cm/cmex10.pfb></da
ta/texlive2025/texmf-dist/fonts/type1/public/amsfonts/cm/cmmi10.pfb></data/texl
ive2025/texmf-dist/fonts/type1/public/amsfonts/cm/cmmi7.pfb></data/texlive2025/
texmf-dist/fonts/type1/public/amsfonts/cm/cmr10.pfb></data/texlive2025/texmf-di
st/fonts/type1/public/amsfonts/cm/cmr7.pfb></data/texlive2025/texmf-dist/fonts/
type1/public/amsfonts/cm/cmsy10.pfb></data/texlive2025/texmf-dist/fonts/type1/p
ublic/amsfonts/cm/cmsy7.pfb></data/texlive2025/texmf-dist/fonts/type1/urw/times
/utmb8a.pfb></data/texlive2025/texmf-dist/fonts/type1/urw/times/utmr8a.pfb></da
ta/texlive2025/texmf-dist/fonts/type1/urw/times/utmr8a.pfb></data/texlive2025/t
exmf-dist/fonts/type1/urw/times/utmri8a.pfb>
Output written on Rd2.pdf (57 pages, 296595 bytes).
Transcript written on Rd2.log.
This is makeindex, version 2.17 [TeX Live 2025] (kpathsea + Thai support).
Scanning input file Rd2.idx....done (180 entries accepted, 0 rejected).
Sorting entries....done (1358 comparisons).
Generating output file Rd2.ind....done (224 lines written, 4 warnings).
Output written in Rd2.ind.
Transcript written in Rd2.ilg.
This is pdfTeX, Version 3.141592653-2.6-1.40.28 (TeX Live 2025) (preloaded format=pdflatex)
 restricted \write18 enabled.
entering extended mode
(./Rd2.tex
LaTeX2e <2025-11-01>
L3 programming layer <2025-10-24>

(/data/texlive2025/texmf-dist/tex/latex/base/book.cls
Document Class: book 2025/01/22 v1.4n Standard LaTeX document class
(/data/texlive2025/texmf-dist/tex/latex/base/bk10.clo))
(/usr/share/R/share/texmf/tex/latex/Rd.sty
(/data/texlive2025/texmf-dist/tex/latex/base/ifthen.sty)
(/data/texlive2025/texmf-dist/tex/generic/iftex/iftex.sty)
(/data/texlive2025/texmf-dist/tex/latex/tools/longtable.sty)
(/data/texlive2025/texmf-dist/tex/latex/tools/bm.sty)
(/data/texlive2025/texmf-dist/tex/latex/base/alltt.sty)
(/data/texlive2025/texmf-dist/tex/latex/tools/verbatim.sty)
(/data/texlive2025/texmf-dist/tex/latex/url/url.sty)
(/data/texlive2025/texmf-dist/tex/latex/base/textcomp.sty)
(/data/texlive2025/texmf-dist/tex/latex/amsmath/amsmath.sty
For additional information on amsmath, use the `?' option.
(/data/texlive2025/texmf-dist/tex/latex/amsmath/amstext.sty
(/data/texlive2025/texmf-dist/tex/latex/amsmath/amsgen.sty))
(/data/texlive2025/texmf-dist/tex/latex/amsmath/amsbsy.sty)
(/data/texlive2025/texmf-dist/tex/latex/amsmath/amsopn.sty))
(/data/texlive2025/texmf-dist/tex/latex/amsfonts/amsfonts.sty)
(/data/texlive2025/texmf-dist/tex/latex/amsfonts/amssymb.sty)
(/data/texlive2025/texmf-dist/tex/latex/jknapltx/mathrsfs.sty)
(/data/texlive2025/texmf-dist/tex/latex/base/fontenc.sty)
(/data/texlive2025/texmf-dist/tex/latex/psnfss/times.sty)
(/data/texlive2025/texmf-dist/tex/latex/inconsolata/zi4.sty
`inconsolata-zi4' v1.12, 2019/05/17 Text macros for Inconsolata (msharpe)
(/data/texlive2025/texmf-dist/tex/latex/xkeyval/xkeyval.sty
(/data/texlive2025/texmf-dist/tex/generic/xkeyval/xkeyval.tex
(/data/texlive2025/texmf-dist/tex/generic/xkeyval/xkvutils.tex
(/data/texlive2025/texmf-dist/tex/generic/xkeyval/keyval.tex)))))
(/data/texlive2025/texmf-dist/tex/latex/graphics/color.sty
(/data/texlive2025/texmf-dist/tex/latex/graphics-cfg/color.cfg)
(/data/texlive2025/texmf-dist/tex/latex/graphics-def/pdftex.def)
(/data/texlive2025/texmf-dist/tex/latex/graphics/mathcolor.ltx))
(/data/texlive2025/texmf-dist/tex/latex/hyperref/hyperref.sty
(/data/texlive2025/texmf-dist/tex/latex/kvsetkeys/kvsetkeys.sty)
(/data/texlive2025/texmf-dist/tex/generic/kvdefinekeys/kvdefinekeys.sty)
(/data/texlive2025/texmf-dist/tex/generic/pdfescape/pdfescape.sty
(/data/texlive2025/texmf-dist/tex/generic/ltxcmds/ltxcmds.sty)
(/data/texlive2025/texmf-dist/tex/generic/pdftexcmds/pdftexcmds.sty
(/data/texlive2025/texmf-dist/tex/generic/infwarerr/infwarerr.sty)))
(/data/texlive2025/texmf-dist/tex/latex/hycolor/hycolor.sty)
(/data/texlive2025/texmf-dist/tex/latex/hyperref/nameref.sty
(/data/texlive2025/texmf-dist/tex/latex/refcount/refcount.sty)
(/data/texlive2025/texmf-dist/tex/generic/gettitlestring/gettitlestring.sty
(/data/texlive2025/texmf-dist/tex/latex/kvoptions/kvoptions.sty)))
(/data/texlive2025/texmf-dist/tex/latex/etoolbox/etoolbox.sty)
(/data/texlive2025/texmf-dist/tex/generic/stringenc/stringenc.sty)
(/data/texlive2025/texmf-dist/tex/latex/hyperref/pd1enc.def)
(/data/texlive2025/texmf-dist/tex/generic/intcalc/intcalc.sty)
(/data/texlive2025/texmf-dist/tex/latex/hyperref/puenc.def)
(/data/texlive2025/texmf-dist/tex/generic/bitset/bitset.sty
(/data/texlive2025/texmf-dist/tex/generic/bigintcalc/bigintcalc.sty)))
(/data/texlive2025/texmf-dist/tex/latex/hyperref/hpdftex.def
(/data/texlive2025/texmf-dist/tex/latex/rerunfilecheck/rerunfilecheck.sty
(/data/texlive2025/texmf-dist/tex/generic/uniquecounter/uniquecounter.sty))))
(/data/texlive2025/texmf-dist/tex/latex/base/makeidx.sty)
Writing index file Rd2.idx
(/data/texlive2025/texmf-dist/tex/latex/psnfss/t1ptm.fd)
(/data/texlive2025/texmf-dist/tex/latex/l3backend/l3backend-pdftex.def)
(./Rd2.aux) (/data/texlive2025/texmf-dist/tex/context/base/mkii/supp-pdf.mkii
[Loading MPS to PDF converter (version 2006.09.02).]
) (./Rd2.out) (./Rd2.out)
(/data/texlive2025/texmf-dist/tex/latex/inconsolata/t1zi4.fd) (./Rd2.toc
(/data/texlive2025/texmf-dist/tex/latex/amsfonts/umsa.fd)
(/data/texlive2025/texmf-dist/tex/latex/amsfonts/umsb.fd)
(/data/texlive2025/texmf-dist/tex/latex/jknapltx/ursfs.fd) [1{/data/texlive2025
/texmf-var/fonts/map/pdftex/updmap/pdftex.map}{/data/texlive2025/texmf-dist/fon
ts/enc/dvips/base/8r.enc}{/data/texlive2025/texmf-dist/fonts/enc/dvips/inconsol
ata/i4-t1-0.enc}])
Overfull \hbox (23.09036pt too wide) in paragraph at lines 42--42
 []\T1/zi4/m/n/10 assessment(RT, CR = NULL, stopping.rule=c("OR","AND", "STST")
, correct=c(TRUE, FALSE), 
[2] [3]
Overfull \hbox (3.75941pt too wide) in paragraph at lines 120--120
 []\T1/zi4/m/n/9 a.or.cs <- assessment(RT, CR, stopping.rule="OR", correct=TRUE
, fast=FALSE, detection=TRUE)[] 

Overfull \hbox (3.75941pt too wide) in paragraph at lines 121--121
 []\T1/zi4/m/n/9 a.or.if <- assessment(RT, CR, stopping.rule="OR", correct=FALS
E, fast=TRUE, detection=TRUE)[] 

Overfull \hbox (8.25941pt too wide) in paragraph at lines 122--122
 []\T1/zi4/m/n/9 a.or.is <- assessment(RT, CR, stopping.rule="OR", correct=FALS
E, fast=FALSE, detection=TRUE)[] 

Overfull \hbox (8.25941pt too wide) in paragraph at lines 141--141
 []\T1/zi4/m/n/9 a.and.cf <- assessment(RT, CR, stopping.rule="AND", correct=TR
UE, fast=TRUE, detection=TRUE)[] 

Overfull \hbox (12.75941pt too wide) in paragraph at lines 142--142
 []\T1/zi4/m/n/9 a.and.cs <- assessment(RT, CR, stopping.rule="AND", correct=TR
UE, fast=FALSE, detection=TRUE)[] 

Overfull \hbox (12.75941pt too wide) in paragraph at lines 143--143
 []\T1/zi4/m/n/9 a.and.if <- assessment(RT, CR, stopping.rule="AND", correct=FA
LSE, fast=TRUE, detection=TRUE)[] 

Overfull \hbox (17.25941pt too wide) in paragraph at lines 144--144
 []\T1/zi4/m/n/9 a.and.is <- assessment(RT, CR, stopping.rule="AND", correct=FA
LSE, fast=FALSE, detection=TRUE)[] 
[4]
Overfull \hbox (21.43051pt too wide) in paragraph at lines 162--162
 []\T1/zi4/m/n/10 assessmentGroup(inData, stopping.rule=c("OR", "AND", "STST"),
 correct=c(TRUE, FALSE), 
[5] [6] [7] (/data/texlive2025/texmf-dist/tex/latex/inconsolata/ts1zi4.fd)
[8{/data/texlive2025/texmf-dist/fonts/enc/dvips/inconsolata/i4-ts1.enc}]
Overfull \hbox (1.3962pt too wide) in paragraph at lines 338--339
[]\T1/ptm/m/n/10 The identification-AND ca-pac-ity co-ef-fi-cient com-pares per
-for-mance on task to an unlimited-capacity,
[9] [10] [11] [12] [13] [14] [15] [16] [17] [18] [19] [20] [21] [22] [23]
[24] [25] [26] [27] [28] [29] [30] [31] [32]
Overfull \hbox (66.28754pt too wide) in paragraph at lines 1364--1366
[]\T1/ptm/m/n/10 A fit-ted []\T1/zi4/m/n/10 sft_bayes []\T1/ptm/m/n/10 ob-ject,
 or a canon-i-cal SFT data frame to fit with [][][]\T1/zi4/m/n/10 semiparametri
cSFT.bayes[][][][]\T1/ptm/m/n/10 . 

Overfull \hbox (34.36916pt too wide) in paragraph at lines 1366--1369
[]\T1/ptm/m/n/10 Passed to [][][]\T1/zi4/m/n/10 semiparametricSFT.bayes[][][] [
]\T1/ptm/m/n/10 when []\T1/zi4/m/n/10 object []\T1/ptm/m/n/10 is a data frame. 
A []\T1/zi4/m/n/10 salience_split
[33] [34] [35]
Overfull \hbox (0.94963pt too wide) in paragraph at lines 1513--1516
[]\T1/ptm/m/n/10 A data frame with []\T1/zi4/m/n/10 Subject[]\T1/ptm/m/n/10 , [
]\T1/zi4/m/n/10 Condition[]\T1/ptm/m/n/10 , []\T1/zi4/m/n/10 RT[]\T1/ptm/m/n/10
 , []\T1/zi4/m/n/10 Correct[]\T1/ptm/m/n/10 , []\T1/zi4/m/n/10 Channel1[]\T1/pt
m/m/n/10 , and []\T1/zi4/m/n/10 Channel2[]\T1/ptm/m/n/10 .
[36]
Overfull \hbox (3.22867pt too wide) in paragraph at lines 1525--1527
[]\T1/ptm/m/n/10 Optional func-tion of []\T1/zi4/m/n/10 Channel1 []\T1/ptm/m/n/
10 and []\T1/zi4/m/n/10 Channel2 []\T1/ptm/m/n/10 re-turn-ing pooled la-bels or
 salience-

Overfull \hbox (38.33914pt too wide) in paragraph at lines 1544--1547
[]\T1/ptm/m/n/10 Compatibility aliases in-clud-ing []\T1/zi4/m/n/10 bins[]\T1/p
tm/m/n/10 , []\T1/zi4/m/n/10 nbin[]\T1/ptm/m/n/10 , []\T1/zi4/m/n/10 grid_bins[
]\T1/ptm/m/n/10 , []\T1/zi4/m/n/10 rt.units[]\T1/ptm/m/n/10 , []\T1/zi4/m/n/10 
central_quantiles[]\T1/ptm/m/n/10 ,

Overfull \hbox (5.64087pt too wide) in paragraph at lines 1551--1563
\T1/zi4/m/n/10 speed - asymmetry/2[]\T1/ptm/m/n/10 , and []\T1/zi4/m/n/10 log h
_AB = log_sum_exp(log h_A, log h_B) + delta_population(t)
[37]
Overfull \hbox (8.24101pt too wide) in paragraph at lines 1599--1599
 []  \T1/zi4/m/n/9 dfp <- semiparametricSFT.bayes(sftData, Condition = "OR", sa
lience_split = TRUE, seed = 801)[] 

Overfull \hbox (23.76941pt too wide) in paragraph at lines 1626--1629
[]\T1/ptm/m/n/10 A data frame con-tain-ing []\T1/zi4/m/n/10 Subject[]\T1/ptm/m/
n/10 , []\T1/zi4/m/n/10 RT[]\T1/ptm/m/n/10 , []\T1/zi4/m/n/10 Correct[]\T1/ptm/
m/n/10 , []\T1/zi4/m/n/10 Channel1[]\T1/ptm/m/n/10 , and []\T1/zi4/m/n/10 Chann
el2[]\T1/ptm/m/n/10 . []\T1/zi4/m/n/10 Condition
[38]
Overfull \hbox (158.06992pt too wide) in paragraph at lines 1705--1705
 []\T1/zi4/m/n/10 build_cdf_df(times, series_specs, probs = c(.05, .95), smooth
_cdf = c("none", "mono", "spline"), smooth_spar = .65)[] 

Overfull \hbox (269.72977pt too wide) in paragraph at lines 1707--1707
 []\T1/zi4/m/n/10 build_sic_df(times, series_specs, trim_cdf_tails = TRUE, cdf_
tail_cut = 5e-4, smooth_cdf = c("none", "mono", "spline"), smooth_spar = .65)[]
 
[39]
Overfull \hbox (51.41006pt too wide) in paragraph at lines 1712--1712
 []\T1/zi4/m/n/10 LogicalRules_rfun_lba(n, pars, LogicalRule, shared_capacity =
 NULL, kappa = NULL, tau = NULL)[] 

Overfull \hbox (1012.95746pt too wide) in paragraph at lines 1713--1713
 []\T1/zi4/m/n/10 LogicalRules_OU_rfun(n, pars, LogicalRule, cross_talk = c(pos
 = 0, neg = 0), dt = .001, max_time = 3, bridge = TRUE, bridge_exp_cutoff = -20
, backend = c("auto", "Rcpp", "R"), adaptive = FALSE, adaptive_mode = c("distan
ce", "ptol"), adapt_factor = 32, adapt_eps = 1.5, p_tol = 1e-9, curv_tol = .1)[
] 

Overfull \hbox (283.03925pt too wide) in paragraph at lines 1714--1714
 []\T1/zi4/m/n/10 LogicalRules_OU_rfun_R(n, pars, LogicalRule, cross_talk = c(p
os = 0, neg = 0), dt = .001, max_time = 3, bridge = TRUE, bridge_exp_cutoff = -
20)[] 

Overfull \hbox (876.30783pt too wide) in paragraph at lines 1715--1715
 []\T1/zi4/m/n/10 LogicalRules_OU_rfun_Rcpp(n, pars, LogicalRule, cross_talk = 
c(pos = 0, neg = 0), dt = .001, max_time = 3, bridge = TRUE, bridge_exp_cutoff 
= -20, adaptive = FALSE, adaptive_mode = c("distance", "ptol"), adapt_factor = 
32, adapt_eps = 1.5, p_tol = 1e-9, curv_tol = .1)[] 

Overfull \hbox (4.75021pt too wide) in paragraph at lines 1716--1716
 []\T1/zi4/m/n/10 plot_altieri(n, p_vec, smooth_cdf = c("none", "mono", "spline
"), smooth_spar = .65)[] 

Overfull \hbox (129.70932pt too wide) in paragraph at lines 1720--1720
 []\T1/zi4/m/n/10 sicDPtest(dat, nbin = NULL, nsamp = 10000L, maxn = 500000L, t
olSIC = 5e-2, tolMIC = NULL, ci = .95, seed = NULL)[] 

Overfull \hbox (211.36917pt too wide) in paragraph at lines 1721--1721
 []\T1/zi4/m/n/10 sictestBayes(HH, HL, LH, LL, method = c("DP", "IG"), model = 
NULL, nbin = NULL, nsamp = 10000L, maxn = 500000L, seed = NULL, ...)[] 

Overfull \hbox (1501.21582pt too wide) in paragraph at lines 1722--1722
 []\T1/zi4/m/n/10 simulate_sft(model = c("lba", "ou"), n, p_vec, design = NULL,
 salience = FALSE, logical_rules = NULL, sics = FALSE, cdfs = FALSE, a_t = FALS
E, subject = 1, backend = c("auto", "Rcpp", "R"), dt = .001, max_time = 2, brid
ge = TRUE, bridge_exp_cutoff = -20, adaptive = TRUE, adaptive_mode = c("ptol", 
"distance"), adapt_factor = 32, adapt_eps = 1.5, p_tol = 1e-8, curv_tol = .05, 
kappa = NULL, tau = NULL)[] 

Overfull \hbox (139.72977pt too wide) in paragraph at lines 1723--1723
 []\T1/zi4/m/n/10 simulate_sft_group(model = c("lba", "ou"), n, params, nSubjec
ts = NULL, subject_ids = NULL, combine = TRUE, ...)[] 

Overfull \hbox (1931.19537pt too wide) in paragraph at lines 1725--1725
 []\T1/zi4/m/n/10 capacityGroup.bayes(inData, CR = NULL, stopping.rule = c("OR"
, "AND", "STST"), ndraws = 10000L, prior_shape = 2, prior_rate = 0.5, seed = NU
LL, hdi = .94, prior_mean = 0, prior_sd = 1, burnin = 1000L, thin = 1L, chains 
= 4L, rope = NULL, method = c("InvGamma", "HalfNormal", "Centered"), prior_tau_
sd = 1, adapt_delta = .95, max_treedepth = 12L, stan_control = list(), tau2_pri
or_shape = NULL, tau2_prior_rate = NULL, Condition = NULL, Subject = NULL, scor
e_method = c("score", "capacity"))[] 

Overfull \hbox (546.32828pt too wide) in paragraph at lines 1726--1726
 []\T1/zi4/m/n/10 ucip.bayes(inData, CR = NULL, stopping.rule = c("OR", "AND", 
"STST"), ndraws = 10000L, seed = NULL, hdi = .94, prior_mean = 0, prior_sd = 1,
 chains = 4L, rope = NULL, Condition = NULL, Subject = NULL)[] 
[40]
Underfull \hbox (badness 4403) in paragraph at lines 1753--1753
[]\T1/zi4/m/n/10 backend[]\T1/ptm/m/n/10 , []\T1/zi4/m/n/10 adaptive[]\T1/ptm/m
/n/10 , []\T1/zi4/m/n/10 adaptive_mode[]\T1/ptm/m/n/10 , []\T1/zi4/m/n/10 adapt
_factor[]\T1/ptm/m/n/10 , []\T1/zi4/m/n/10 adapt_eps[]\T1/ptm/m/n/10 , []\T1/zi
4/m/n/10 p_tol[]\T1/ptm/m/n/10 ,

Overfull \hbox (1.55727pt too wide) in paragraph at lines 1759--1760
\T1/ptm/m/n/10 For []\T1/zi4/m/n/10 sictestBayes[]\T1/ptm/m/n/10 , []\T1/zi4/m/
n/10 DP []\T1/ptm/m/n/10 is im-ple-mented for Bayesian SIC test-ing, while the 
legacy

Overfull \hbox (4.18909pt too wide) in paragraph at lines 1765--1766
\T1/ptm/m/n/10 to the row names of []\T1/zi4/m/n/10 params []\T1/ptm/m/n/10 whe
n present, oth-er-wise zero-padded []\T1/zi4/m/n/10 "Subject001"[]\T1/ptm/m/n/1
0 ,
[41]
Overfull \hbox (42.74869pt too wide) in paragraph at lines 1773--1774
[]\T1/ptm/m/n/10 Gibbs sam-pler burn-in, thin-ning in-ter-val, and num-ber of c
hains for []\T1/zi4/m/n/10 capacityGroup.bayes[]\T1/ptm/m/n/10 . 

Overfull \hbox (40.36096pt too wide) in paragraph at lines 1784--1797
[]\T1/zi4/m/n/10 shared_capacity_kappa[]\T1/ptm/m/n/10 , []\T1/zi4/m/n/10 share
d_kappa[]\T1/ptm/m/n/10 , []\T1/zi4/m/n/10 capacity_tau[]\T1/ptm/m/n/10 , []\T1
/zi4/m/n/10 capacity_target_tau[]\T1/ptm/m/n/10 , []\T1/zi4/m/n/10 shared_capac
ity_tau[]\T1/ptm/m/n/10 ,
[42]
Overfull \hbox (318.06992pt too wide) in paragraph at lines 1857--1857
 []\T1/zi4/m/n/10 sic(HH, HL, LH, LL, domtest="ks", sictest="ks", mictest=c("ar
t", "anova"), interpolate=FALSE, nbin=20L, nsamp=10000L, maxn=500000L, seed=NUL
L, ...) 
[43] [44] [45]
Overfull \hbox (36.21722pt too wide) in paragraph at lines 1962--1969
\T1/ptm/m/n/10 re-turned at the sub-ject (par-tially pooled), pop-u-la-tion (ty
pical-subject pa-ram-e-ter), []\T1/zi4/m/n/10 population_finite_mean[]\T1/ptm/m
/n/10 ,

Overfull \hbox (66.28754pt too wide) in paragraph at lines 1979--1981
[]\T1/ptm/m/n/10 A fit-ted []\T1/zi4/m/n/10 sft_bayes []\T1/ptm/m/n/10 ob-ject,
 or a canon-i-cal SFT data frame to fit with [][][]\T1/zi4/m/n/10 semiparametri
cSFT.bayes[][][][]\T1/ptm/m/n/10 . 

Overfull \hbox (34.36916pt too wide) in paragraph at lines 1981--1984
[]\T1/ptm/m/n/10 Passed to [][][]\T1/zi4/m/n/10 semiparametricSFT.bayes[][][] [
]\T1/ptm/m/n/10 when []\T1/zi4/m/n/10 object []\T1/ptm/m/n/10 is a data frame. 
A []\T1/zi4/m/n/10 salience_split
[46] [47] [48]
Overfull \hbox (39.76044pt too wide) in paragraph at lines 2106--2106
 []\T1/zi4/m/n/10 sicGroup(inData, sictest=c("ks", "bf"), mictest=c("art", "ano
va"), domtest=c("ks", "dp"), 
[49]
Overfull \hbox (11.42029pt too wide) in paragraph at lines 2180--2180
 []\T1/zi4/m/n/10 siDominance(HH, HL, LH, LL, method=c("ks", "dp"), nbin=20L, n
samp=10000L, seed=NULL) 
[50] [51] [52]
Overfull \hbox (41.18044pt too wide) in paragraph at lines 2288--2295
[][][]\T1/zi4/m/n/10 capacity.or[][][] [][]capacity.and[][][] [][]capacity.id[]
[][] [][]estimateUCIPor[][][] [][]estimateUCIPand[][][] [][]estimateNAH[][][] [
][]estimateNAK[][][] 

Overfull \hbox (2.26555pt too wide) in paragraph at lines 2311--2311
 []\T1/zi4/m/n/9 z.unlimited <- ucip.id.test(dt.rt=RT.pp.unlimited, nt.rt=RT.nt
, st.rts=list(RT.pa, RT.ap))[] 
[53] [54]
Overfull \hbox (11.25635pt too wide) in paragraph at lines 2392--2392
 []\T1/zi4/m/n/9 z.limited   <- ucip.test(RT=list(RT.pp.limited, RT.pa, RT.ap),
 CR=CRlist, stopping.rule="OR")[] 

Overfull \hbox (23.26248pt too wide) in paragraph at lines 2393--2393
 []\T1/zi4/m/n/9 z.unlimited <- ucip.test(RT=list(RT.pp.unlimited, RT.pa, RT.ap
), CR=CRlist, stopping.rule="OR")[] 

Overfull \hbox (15.75635pt too wide) in paragraph at lines 2400--2400
 []\T1/zi4/m/n/9 z.limited   <- ucip.test(RT=list(RT.pp.limited, RT.pa, RT.ap),
 CR=CRlist, stopping.rule="AND")[] 

Overfull \hbox (27.76248pt too wide) in paragraph at lines 2401--2401
 []\T1/zi4/m/n/9 z.unlimited <- ucip.test(RT=list(RT.pp.unlimited, RT.pa, RT.ap
), CR=CRlist, stopping.rule="AND")[] 

Overfull \hbox (3.75021pt too wide) in paragraph at lines 2402--2402
 []\T1/zi4/m/n/9 z.super     <- ucip.test(RT=list(RT.pp.super, RT.pa, RT.ap), C
R=CRlist, stopping.rule="AND")[] 
(./Rd2.ind [55]

LaTeX Font Warning: Font shape `T1/zi4/m/it' undefined
(Font)              using `T1/zi4/m/n' instead on input line 44.

[56] [57]) (./Rd2.aux)

LaTeX Font Warning: Some font shapes were not available, defaults substituted.

 )
(see the transcript file for additional information)
pdfTeX warning (dest): name{Rfn.ks.test} has been referenced but does not exist
, replaced by a fixed one


pdfTeX warning (dest): name{Rfn.fda} has been referenced but does not exist, re
placed by a fixed one


pdfTeX warning (dest): name{Rfn.approxfun} has been referenced but does not exi
st, replaced by a fixed one


pdfTeX warning (dest): name{Rfn.stepfun} has been referenced but does not exist
, replaced by a fixed one

</data/texlive2025/texmf-dist/fonts/type1/public/inconsolata/Inconsolata-zi4r.p
fb></data/texlive2025/texmf-dist/fonts/type1/public/amsfonts/cm/cmex10.pfb></da
ta/texlive2025/texmf-dist/fonts/type1/public/amsfonts/cm/cmmi10.pfb></data/texl
ive2025/texmf-dist/fonts/type1/public/amsfonts/cm/cmmi7.pfb></data/texlive2025/
texmf-dist/fonts/type1/public/amsfonts/cm/cmr10.pfb></data/texlive2025/texmf-di
st/fonts/type1/public/amsfonts/cm/cmr7.pfb></data/texlive2025/texmf-dist/fonts/
type1/public/amsfonts/cm/cmsy10.pfb></data/texlive2025/texmf-dist/fonts/type1/p
ublic/amsfonts/cm/cmsy7.pfb></data/texlive2025/texmf-dist/fonts/type1/urw/times
/utmb8a.pfb></data/texlive2025/texmf-dist/fonts/type1/urw/times/utmr8a.pfb></da
ta/texlive2025/texmf-dist/fonts/type1/urw/times/utmr8a.pfb></data/texlive2025/t
exmf-dist/fonts/type1/urw/times/utmri8a.pfb>
Output written on Rd2.pdf (57 pages, 297249 bytes).
Transcript written on Rd2.log.
Saving output to ‘sftplus-manual.pdf’ ...
Done
You may want to clean up by 'rm -Rf /data/work/CapacityAND/sft_package/.Rtmp/RtmpYF4nwg/Rd2pdff08a32dcc6fd9'
